// Jest Snapshot v1, https://goo.gl/fbAQLP

exports[`BlindEditionNFTContract should generate a contract 1`] = `
"import NonFungibleToken from 0xf8d6e0586b0a20c7
import MetadataViews from 0xf8d6e0586b0a20c7
import FungibleToken from 0xee82856bf20e2aa6
import FreshmintMetadataViews from 0xf8d6e0586b0a20c7

pub contract BlindEditionNFT_Test: NonFungibleToken {

    pub let version: String

    pub event ContractInitialized()
    pub event Withdraw(id: UInt64, from: Address?)
    pub event Deposit(id: UInt64, to: Address?)
    pub event Minted(id: UInt64, editionHash: [UInt8])
    pub event Revealed(id: UInt64, editionID: UInt64, editionSerial: UInt64)
    pub event Burned(id: UInt64)
    pub event EditionCreated(edition: Edition)

    pub let CollectionStoragePath: StoragePath
    pub let CollectionPublicPath: PublicPath
    pub let CollectionPrivatePath: PrivatePath
    pub let AdminStoragePath: StoragePath

    /// The total number of BlindEditionNFT_Test NFTs that have been minted.
    ///
    pub var totalSupply: UInt64

    /// The total number of BlindEditionNFT_Test editions that have been created.
    ///
    pub var totalEditions: UInt64

    /// A placeholder image used to display NFTs that have not yet been revealed.
    pub let placeholderImage: String

    /// A list of royalty recipients that is attached to all NFTs
    /// minted by this contract.
    ///
    access(contract) var royalties: [MetadataViews.Royalty]
    
    /// Return the royalty recipients for this contract.
    ///
    pub fun getRoyalties(): [MetadataViews.Royalty] {
        return BlindEditionNFT_Test.royalties
    }

    pub struct Metadata {
    
        pub let name: String
        pub let description: String
        pub let thumbnail: String

        init(
            name: String,
            description: String,
            thumbnail: String,
        ) {
            self.name = name
            self.description = description
            self.thumbnail = thumbnail
        }
    }

    pub struct Edition {

        pub let id: UInt64
        pub let size: UInt
        pub let metadata: Metadata

        init(
            id: UInt64,
            size: UInt,
            metadata: Metadata
        ) {
            self.id = id
            self.size = size
            self.metadata = metadata
        }
    }

    access(self) let editions: {UInt64: Edition}

    pub fun getEdition(id: UInt64): Edition? {
        return BlindEditionNFT_Test.editions[id]
    }

    pub struct EditionMember {
    
        pub let editionID: UInt64
        pub let editionSerial: UInt64
        pub let editionSalt: [UInt8]

        init(
            editionID: UInt64,
            editionSerial: UInt64,
            editionSalt: [UInt8],
        ) {
            self.editionID = editionID
            self.editionSerial = editionSerial
            self.editionSalt = editionSalt
        }

        pub fun getData(): Edition {
            return BlindEditionNFT_Test.getEdition(id: self.editionID)!
        }

        /// Encode this edition object as a byte array.
        ///
        /// This can be used to hash the edition membership and verify its integrity.
        ///
        pub fun encode(): [UInt8] {
            return self.editionSalt
                .concat(self.editionID.toBigEndianBytes())
                .concat(self.editionSerial.toBigEndianBytes())
        }

        pub fun hash(): [UInt8] {
            return HashAlgorithm.SHA3_256.hash(self.encode())
        }
    }

    access(self) let editionMembers: {UInt64: EditionMember}

    pub fun getEditionMember(id: UInt64): EditionMember? {
        return BlindEditionNFT_Test.editionMembers[id]
    }

    pub resource NFT: NonFungibleToken.INFT, MetadataViews.Resolver {

        pub let id: UInt64

        /// A hash of the NFT's edition membership.
        ///
        /// The edition hash is known at mint time and 
        /// is generated by hashing the edition ID and
        /// serial number for this NFT.
        ///
        pub let editionHash: [UInt8]

        init(editionHash: [UInt8]) {
            self.id = self.uuid
            self.editionHash = editionHash
        }

        /// Return the edition that this NFT belongs to.
        ///
        /// This function returns nil if the edition membership has
        /// not yet been revealed.
        ///
        pub fun getEdition(): EditionMember? {
            return BlindEditionNFT_Test.editionMembers[self.id]
        }

        pub fun getViews(): [Type] {
            if self.getEdition() != nil {
                return [
                    Type<MetadataViews.NFTView>(),
                    Type<MetadataViews.Display>(),
                    Type<MetadataViews.ExternalURL>(),
                    Type<MetadataViews.NFTCollectionDisplay>(),
                    Type<MetadataViews.NFTCollectionData>(),
                    Type<MetadataViews.Royalties>()
                ]
            }

            return [
                Type<MetadataViews.ExternalURL>(),
                Type<MetadataViews.NFTCollectionDisplay>(),
                Type<MetadataViews.NFTCollectionData>(),
                Type<MetadataViews.Royalties>(),
                Type<MetadataViews.Display>(),
                Type<FreshmintMetadataViews.BlindNFT>()
            ]
        }

        pub fun resolveView(_ view: Type): AnyStruct? {
            if let editionMember = self.getEdition() {
                let edition = editionMember.getData()

                switch view {
                    case Type<MetadataViews.NFTView>():
                        return self.resolveNFTView(edition.metadata)
                    case Type<MetadataViews.Display>():
                        return self.resolveDisplay(edition.metadata)
                    case Type<MetadataViews.ExternalURL>():
                        return self.resolveExternalURL()
                    case Type<MetadataViews.NFTCollectionDisplay>():
                        return self.resolveNFTCollectionDisplay()
                    case Type<MetadataViews.NFTCollectionData>():
                        return self.resolveNFTCollectionData()
                    case Type<MetadataViews.Royalties>():
                        return self.resolveRoyalties()
                }

                return nil
            }

            switch view {
                case Type<MetadataViews.Display>():
                    return MetadataViews.Display(
                        name: \\"BlindEditionNFT_Test\\",
                        description: \\"This NFT is not yet revealed.\\",
                        thumbnail: MetadataViews.IPFSFile(
                            cid: BlindEditionNFT_Test.placeholderImage, 
                            path: nil
                        )
                    )
                case Type<FreshmintMetadataViews.BlindNFT>():
                    return FreshmintMetadataViews.BlindNFT(metadataHash: self.editionHash)
                case Type<MetadataViews.ExternalURL>():
                    return self.resolveExternalURL()
                case Type<MetadataViews.NFTCollectionDisplay>():
                    return self.resolveNFTCollectionDisplay()
                case Type<MetadataViews.NFTCollectionData>():
                    return self.resolveNFTCollectionData()
                case Type<MetadataViews.Royalties>():
                    return self.resolveRoyalties()
            }

            return nil
        }

        pub fun resolveNFTView(_ metadata: Metadata): MetadataViews.NFTView {
            return MetadataViews.NFTView(
                id: self.id,
                uuid: self.uuid,
                display: self.resolveDisplay(metadata),
                externalURL: self.resolveExternalURL(),
                collectionData: self.resolveNFTCollectionData(),
                collectionDisplay: self.resolveNFTCollectionDisplay(),
                royalties : self.resolveRoyalties(),
                traits: nil
            )
        }
        
        pub fun resolveDisplay(_ metadata: Metadata): MetadataViews.Display {
            return MetadataViews.Display(
                name: metadata.name,
                description: metadata.description,
                thumbnail: MetadataViews.IPFSFile(cid: metadata.thumbnail, path: nil)
            )
        }
        
        pub fun resolveExternalURL(): MetadataViews.ExternalURL {
            return MetadataViews.ExternalURL(\\"http://foo.com/\\".concat(self.id.toString()))
        }
        
        pub fun resolveNFTCollectionDisplay(): MetadataViews.NFTCollectionDisplay {
            let media = MetadataViews.Media(
                file: MetadataViews.IPFSFile(
                    cid: \\"bafkreicrfbblmaduqg2kmeqbymdifawex7rxqq2743mitmeia4zdybmmre\\", 
                    path: nil
                ),
                mediaType: \\"image/jpeg\\"
            )
        
            return MetadataViews.NFTCollectionDisplay(
                name: \\"My Collection\\",
                description: \\"This is my collection.\\",
                externalURL: MetadataViews.ExternalURL(\\"http://foo.com\\"),
                squareImage: media,
                bannerImage: media,
                socials: {}
            )
        }
        
        pub fun resolveNFTCollectionData(): MetadataViews.NFTCollectionData {
            return MetadataViews.NFTCollectionData(
                storagePath: BlindEditionNFT_Test.CollectionStoragePath,
                publicPath: BlindEditionNFT_Test.CollectionPublicPath,
                providerPath: BlindEditionNFT_Test.CollectionPrivatePath,
                publicCollection: Type<&BlindEditionNFT_Test.Collection{BlindEditionNFT_Test.BlindEditionNFT_TestCollectionPublic}>(),
                publicLinkedType: Type<&BlindEditionNFT_Test.Collection{BlindEditionNFT_Test.BlindEditionNFT_TestCollectionPublic, NonFungibleToken.CollectionPublic, NonFungibleToken.Receiver, MetadataViews.ResolverCollection}>(),
                providerLinkedType: Type<&BlindEditionNFT_Test.Collection{BlindEditionNFT_Test.BlindEditionNFT_TestCollectionPublic, NonFungibleToken.CollectionPublic, NonFungibleToken.Provider, MetadataViews.ResolverCollection}>(),
                createEmptyCollectionFunction: (fun (): @NonFungibleToken.Collection {
                    return <-BlindEditionNFT_Test.createEmptyCollection()
                })
            )
        }
        
        pub fun resolveRoyalties(): MetadataViews.Royalties {
            return MetadataViews.Royalties(BlindEditionNFT_Test.royalties)
        }
        
        destroy() {
            BlindEditionNFT_Test.totalSupply = BlindEditionNFT_Test.totalSupply - (1 as UInt64)

            emit Burned(id: self.id)
        }
    }

    pub resource interface BlindEditionNFT_TestCollectionPublic {
        pub fun deposit(token: @NonFungibleToken.NFT)
        pub fun getIDs(): [UInt64]
        pub fun borrowNFT(id: UInt64): &NonFungibleToken.NFT
        pub fun borrowBlindEditionNFT_Test(id: UInt64): &BlindEditionNFT_Test.NFT? {
            post {
                (result == nil) || (result?.id == id):
                    \\"Cannot borrow BlindEditionNFT_Test reference: The ID of the returned reference is incorrect\\"
            }
        }
    }

    pub resource Collection: BlindEditionNFT_TestCollectionPublic, NonFungibleToken.Provider, NonFungibleToken.Receiver, NonFungibleToken.CollectionPublic, MetadataViews.ResolverCollection {
        
        /// A dictionary of all NFTs in this collection indexed by ID.
        ///
        pub var ownedNFTs: @{UInt64: NonFungibleToken.NFT}

        init () {
            self.ownedNFTs <- {}
        }

        /// Remove an NFT from the collection and move it to the caller.
        ///
        pub fun withdraw(withdrawID: UInt64): @NonFungibleToken.NFT {
            let token <- self.ownedNFTs.remove(key: withdrawID) 
                ?? panic(\\"Requested NFT to withdraw does not exist in this collection\\")

            emit Withdraw(id: token.id, from: self.owner?.address)

            return <- token
        }

        /// Deposit an NFT into this collection.
        ///
        pub fun deposit(token: @NonFungibleToken.NFT) {
            let token <- token as! @BlindEditionNFT_Test.NFT

            let id: UInt64 = token.id

            // add the new token to the dictionary which removes the old one
            let oldToken <- self.ownedNFTs[id] <- token

            emit Deposit(id: id, to: self.owner?.address)

            destroy oldToken
        }

        /// Return an array of the NFT IDs in this collection.
        ///
        pub fun getIDs(): [UInt64] {
            return self.ownedNFTs.keys
        }

        /// Return a reference to an NFT in this collection.
        ///
        /// This function panics if the NFT does not exist in this collection.
        ///
        pub fun borrowNFT(id: UInt64): &NonFungibleToken.NFT {
            return (&self.ownedNFTs[id] as &NonFungibleToken.NFT?)!
        }

        /// Return a reference to an NFT in this collection
        /// typed as BlindEditionNFT_Test.NFT.
        ///
        /// This function returns nil if the NFT does not exist in this collection.
        ///
        pub fun borrowBlindEditionNFT_Test(id: UInt64): &BlindEditionNFT_Test.NFT? {
            if self.ownedNFTs[id] != nil {
                let ref = (&self.ownedNFTs[id] as auth &NonFungibleToken.NFT?)!
                return ref as! &BlindEditionNFT_Test.NFT
            }

            return nil
        }

        /// Return a reference to an NFT in this collection
        /// typed as MetadataViews.Resolver.
        ///
        /// This function panics if the NFT does not exist in this collection.
        ///
        pub fun borrowViewResolver(id: UInt64): &AnyResource{MetadataViews.Resolver} {
            let nft = (&self.ownedNFTs[id] as auth &NonFungibleToken.NFT?)!
            let nftRef = nft as! &BlindEditionNFT_Test.NFT
            return nftRef as &AnyResource{MetadataViews.Resolver}
        }

        destroy() {
            destroy self.ownedNFTs
        }
    }

    /// Return a new empty collection.
    ///
    pub fun createEmptyCollection(): @NonFungibleToken.Collection {
        return <- create Collection()
    }

    /// The administrator resource used to create editions,
    /// mint and reveal NFTs.
    ///
    pub resource Admin {

        /// Create a new NFT edition.
        ///
        /// This function does not mint any NFTs. It only creates the
        /// edition data that will later be associated with minted NFTs.
        ///
        pub fun createEdition(
            size: UInt,
            name: String,
            description: String,
            thumbnail: String,
        ): UInt64 {
            let metadata = Metadata(
                name: name,
                description: description,
                thumbnail: thumbnail,
            )

            let edition = Edition(
                id: BlindEditionNFT_Test.totalEditions,
                size: size,
                metadata: metadata
            )

            BlindEditionNFT_Test.editions[edition.id] = edition

            emit EditionCreated(edition: edition)

            BlindEditionNFT_Test.totalEditions = BlindEditionNFT_Test.totalEditions + (1 as UInt64)

            return edition.id
        }

        /// Mint a new NFT.
        ///
        /// To mint a blind edition NFT, specify its edition hash
        /// that can later be used to verify the revealed NFT's 
        /// edition ID and serial number.
        ///
        pub fun mintNFT(editionHash: [UInt8]): @BlindEditionNFT_Test.NFT {
            let nft <- create BlindEditionNFT_Test.NFT(editionHash: editionHash)

            emit Minted(id: nft.id, editionHash: editionHash)

            BlindEditionNFT_Test.totalSupply = BlindEditionNFT_Test.totalSupply + (1 as UInt64)

            return <- nft
        }

        /// Reveal a minted NFT.
        ///
        /// To reveal an NFT, publish its edition ID, serial number
        /// and unique salt value.
        ///
        pub fun revealNFT(
            id: UInt64,
            editionID: UInt64,
            editionSerial: UInt64,
            editionSalt: [UInt8]
        ) {
            pre {
                BlindEditionNFT_Test.editionMembers[id] == nil : \\"NFT has already been revealed\\"
            }

            let editionMember = EditionMember(
                editionID: editionID,
                editionSerial: editionSerial,
                editionSalt: editionSalt,
            )

            BlindEditionNFT_Test.editionMembers[id] = editionMember

            emit Revealed(
                id: id,
                editionID: editionID,
                editionSerial: editionSerial
            )
        }

        /// Set the royalty recipients for this contract.
        ///
        /// This function updates the royalty recipients for all NFTs
        /// minted by this contract.
        ///
        pub fun setRoyalties(_ royalties: [MetadataViews.Royalty]) {
            BlindEditionNFT_Test.royalties = royalties
        }
    }

    /// Return a public path that is scoped to this contract.
    ///
    pub fun getPublicPath(suffix: String): PublicPath {
        return PublicPath(identifier: \\"BlindEditionNFT_Test_\\".concat(suffix))!
    }

    /// Return a private path that is scoped to this contract.
    ///
    pub fun getPrivatePath(suffix: String): PrivatePath {
        return PrivatePath(identifier: \\"BlindEditionNFT_Test_\\".concat(suffix))!
    }

    /// Return a storage path that is scoped to this contract.
    ///
    pub fun getStoragePath(suffix: String): StoragePath {
        return StoragePath(identifier: \\"BlindEditionNFT_Test_\\".concat(suffix))!
    }

    priv fun initAdmin(admin: AuthAccount) {
        // Create an empty collection and save it to storage
        let collection <- BlindEditionNFT_Test.createEmptyCollection()

        admin.save(<- collection, to: BlindEditionNFT_Test.CollectionStoragePath)

        admin.link<&BlindEditionNFT_Test.Collection>(BlindEditionNFT_Test.CollectionPrivatePath, target: BlindEditionNFT_Test.CollectionStoragePath)

        admin.link<&BlindEditionNFT_Test.Collection{NonFungibleToken.CollectionPublic, BlindEditionNFT_Test.BlindEditionNFT_TestCollectionPublic, MetadataViews.ResolverCollection}>(BlindEditionNFT_Test.CollectionPublicPath, target: BlindEditionNFT_Test.CollectionStoragePath)
        
        // Create an admin resource and save it to storage
        let adminResource <- create Admin()

        admin.save(<- adminResource, to: self.AdminStoragePath)
    }

    init(admin: AuthAccount, placeholderImage: String) {

        self.version = \\"0.0.32\\"

        self.CollectionPublicPath = BlindEditionNFT_Test.getPublicPath(suffix: \\"Collection\\")
        self.CollectionStoragePath = BlindEditionNFT_Test.getStoragePath(suffix: \\"Collection\\")
        self.CollectionPrivatePath = BlindEditionNFT_Test.getPrivatePath(suffix: \\"Collection\\")

        self.AdminStoragePath = BlindEditionNFT_Test.getStoragePath(suffix: \\"Admin\\")

        self.placeholderImage = placeholderImage

        self.royalties = []

        self.totalSupply = 0
        self.totalEditions = 0

        self.editions = {}
        self.editionMembers = {}
        
        self.initAdmin(admin: admin)

        emit ContractInitialized()
    }
}
"
`;
